// Jest Snapshot v1, https://goo.gl/fbAQLP

exports[`renders correctly 1`] = `
<div
  className="Wrapper"
>
  <div
    className="rocketsList"
  >
    <h2>
      My Missions
    </h2>
    <ul
      className="ul"
    />
  </div>
  <div
    className="rocketsList"
  >
    <h2>
      My Rockets
    </h2>
    <ul
      className="ul"
    />
  </div>
</div>
`;
